2026-06-03 LOGIN_FAILED john 192.168.1.10
2026-06-03 LOGIN_FAILED john 192.168.1.10
2026-06-03 LOGIN_SUCCESS alice 192.168.1.20
2026-06-03 LOGIN_FAILED bob 192.168.1.15